// Vitest Snapshot v1, https://vitest.dev/guide/snapshot.html

exports[`MovieCard > should match snapshot 1`] = `
<div>
  <div
    class="MuiPaper-root MuiPaper-elevation MuiPaper-rounded MuiPaper-elevation1 MuiCard-root _card_8de2c1 css-bhp9pd-MuiPaper-root-MuiCard-root"
    data-testid="movie-card"
  >
    <a
      class="_link_8de2c1"
      href="/movie/111111"
    >
      <img
        alt="Foo Bar poster."
        class="MuiCardMedia-root MuiCardMedia-media MuiCardMedia-img movie-card-image css-o69gx8-MuiCardMedia-root"
        loading="lazy"
        src="https://image.tmdb.org/t/p/w400/mockPosterURL.jpg"
      />
      <div
        class="MuiCardContent-root css-46bh2p-MuiCardContent-root"
      >
        <div
          aria-label="title: Foo Bar."
          class="MuiTypography-root MuiTypography-body1 MuiTypography-gutterBottom css-d3wcwz-MuiTypography-root"
        >
          Foo Bar
        </div>
        <p
          aria-label="genres:Adventure, Action"
          class="MuiTypography-root MuiTypography-body2 css-xx3zdw-MuiTypography-root"
        >
          Adventure, Action
        </p>
      </div>
    </a>
    <div
      class="_smallContainer_5dd437"
      data-testid="watchlist-button"
    >
      <button
        aria-label="add movie to watchlist"
        aria-pressed="false"
        class="MuiButtonBase-root MuiToggleButton-root MuiToggleButton-sizeSmall MuiToggleButton-primary css-1dlyelz-MuiButtonBase-root-MuiToggleButton-root"
        data-testid="watchlist-toggle-button"
        tabindex="0"
        type="button"
        value="check"
      >
        <svg
          aria-hidden="true"
          class="MuiSvgIcon-root MuiSvgIcon-fontSizeMedium _add_5dd437 css-i4bv87-MuiSvgIcon-root"
          data-testid="BookmarkAddIcon"
          focusable="false"
          viewBox="0 0 24 24"
        >
          <path
            d="M21 7h-2v2h-2V7h-2V5h2V3h2v2h2v2zm-2 14-7-3-7 3V5c0-1.1.9-2 2-2h7c-.63.84-1 1.87-1 3 0 2.76 2.24 5 5 5 .34 0 .68-.03 1-.1V21z"
          />
        </svg>
        <span
          class="MuiTouchRipple-root css-8je8zh-MuiTouchRipple-root"
        />
      </button>
    </div>
  </div>
</div>
`;
