// Vitest Snapshot v1, https://vitest.dev/guide/snapshot.html

exports[`Navbar > Should match snapshot 1`] = `
<div>
  <header
    class="MuiPaper-root MuiPaper-elevation MuiPaper-elevation4 MuiAppBar-root MuiAppBar-colorPrimary MuiAppBar-positionStatic css-hip9hq-MuiPaper-root-MuiAppBar-root"
  >
    <div
      class="MuiToolbar-root MuiToolbar-gutters MuiToolbar-regular _navbarToolbar_c9a110 css-hyum1k-MuiToolbar-root"
    >
      <a
        class="_navLink_c9a110"
        data-testid="home-link"
        href="/"
      >
        <button
          aria-label="home-button"
          class="MuiButtonBase-root MuiIconButton-root MuiIconButton-colorInherit MuiIconButton-edgeStart MuiIconButton-sizeMedium css-1d6w9lk-MuiButtonBase-root-MuiIconButton-root"
          tabindex="0"
          type="button"
        >
          <img
            alt="Bingewatcher icon"
            data-testid="HomeIcon"
            src="/project2/assets/SVG/camera-white.svg"
            width="40"
          />
          <h5
            class="MuiTypography-root MuiTypography-h5 _navbarTitle_c9a110 css-ag7rrr-MuiTypography-root"
          >
            Bingewatcher
          </h5>
          <span
            class="MuiTouchRipple-root css-8je8zh-MuiTouchRipple-root"
          />
        </button>
      </a>
      <button
        class="MuiButtonBase-root MuiIconButton-root MuiIconButton-colorInherit MuiIconButton-sizeMedium css-zylse7-MuiButtonBase-root-MuiIconButton-root"
        data-testid="login-button"
        tabindex="0"
        type="button"
      >
        <p
          class="_loginText_67d6a9"
        >
          Login
        </p>
        <svg
          aria-hidden="true"
          class="MuiSvgIcon-root MuiSvgIcon-fontSizeLarge css-jj92jx-MuiSvgIcon-root"
          data-testid="AccountCircleIcon"
          focusable="false"
          viewBox="0 0 24 24"
        >
          <path
            d="M12 2C6.48 2 2 6.48 2 12s4.48 10 10 10 10-4.48 10-10S17.52 2 12 2zm0 4c1.93 0 3.5 1.57 3.5 3.5S13.93 13 12 13s-3.5-1.57-3.5-3.5S10.07 6 12 6zm0 14c-2.03 0-4.43-.82-6.14-2.88C7.55 15.8 9.68 15 12 15s4.45.8 6.14 2.12C16.43 19.18 14.03 20 12 20z"
          />
        </svg>
        <span
          class="MuiTouchRipple-root css-8je8zh-MuiTouchRipple-root"
        />
      </button>
    </div>
  </header>
</div>
`;
