// Vitest Snapshot v1, https://vitest.dev/guide/snapshot.html

exports[`MovieDetails > should match snapshot 1`] = `<div />`;
