// Vitest Snapshot v1, https://vitest.dev/guide/snapshot.html

exports[`WatchlistButton > Should match snapshot 1`] = `
<div>
  <button
    aria-pressed="true"
    class="MuiButtonBase-root MuiToggleButton-root Mui-selected MuiToggleButton-sizeMedium MuiToggleButton-standard css-ueukts-MuiButtonBase-root-MuiToggleButton-root"
    tabindex="0"
    type="button"
    value="check"
  >
    <svg
      aria-hidden="true"
      class="MuiSvgIcon-root MuiSvgIcon-fontSizeMedium css-i4bv87-MuiSvgIcon-root"
      data-testid="CheckIcon"
      focusable="false"
      viewBox="0 0 24 24"
    >
      <path
        d="M9 16.17 4.83 12l-1.42 1.41L9 19 21 7l-1.41-1.41z"
      />
    </svg>
    <span
      class="MuiTouchRipple-root css-8je8zh-MuiTouchRipple-root"
    />
  </button>
</div>
`;
